All60 original-coordinate replays pass
0 nfp2-vacuum 0.25 True None
1 nfp2-vacuum 0.5 True None
2 nfp2-vacuum 0.75 True None
3 nfp2-beta2 0.25 True None
4 nfp2-beta2 0.5 True None
5 nfp2-beta2 0.75 True None
6 nfp3-vacuum 0.25 True None
7 nfp3-vacuum 0.5 True None
8 nfp3-vacuum 0.75 True None
9 nfp3-beta2 0.25 True None
10 nfp3-beta2 0.5 True None
11 nfp3-beta2 0.75 True None
12 nfp2-vacuum 0.25 True True
13 nfp2-vacuum 0.5 True True
14 nfp2-vacuum 0.75 True True
15 nfp2-vacuum 0.25 True True
16 nfp2-vacuum 0.5 True True
17 nfp2-vacuum 0.75 True True
18 nfp2-vacuum 0.25 True True
19 nfp2-vacuum 0.5 True True
20 nfp2-vacuum 0.75 True True
21 nfp2-vacuum 0.25 True True
22 nfp2-vacuum 0.5 True True
23 nfp2-vacuum 0.75 True True
24 nfp2-beta2 0.25 True False
25 nfp2-beta2 0.5 True False
26 nfp2-beta2 0.75 True False
27 nfp2-beta2 0.25 True False
28 nfp2-beta2 0.5 True False
29 nfp2-beta2 0.75 True False
30 nfp2-beta2 0.25 True False
31 nfp2-beta2 0.5 True False
32 nfp2-beta2 0.75 True False
33 nfp2-beta2 0.25 True False
34 nfp2-beta2 0.5 True False
35 nfp2-beta2 0.75 True False
36 nfp3-vacuum 0.25 True False
37 nfp3-vacuum 0.5 True False
38 nfp3-vacuum 0.75 True False
39 nfp3-vacuum 0.25 True False
40 nfp3-vacuum 0.5 True False
41 nfp3-vacuum 0.75 True False
42 nfp3-vacuum 0.25 True False
43 nfp3-vacuum 0.5 True False
44 nfp3-vacuum 0.75 True False
45 nfp3-vacuum 0.25 True False
46 nfp3-vacuum 0.5 True False
47 nfp3-vacuum 0.75 True False
48 nfp3-beta2 0.25 True False
49 nfp3-beta2 0.5 True False
50 nfp3-beta2 0.75 True False
51 nfp3-beta2 0.25 True False
52 nfp3-beta2 0.5 True False
53 nfp3-beta2 0.75 True False
54 nfp3-beta2 0.25 True False
55 nfp3-beta2 0.5 True False
56 nfp3-beta2 0.75 True False
57 nfp3-beta2 0.25 True False
58 nfp3-beta2 0.5 True False
59 nfp3-beta2 0.75 True False
