{
  "completed": true,
  "target_id": "reference401",
  "producer_evaluator": "f40c53851e99f175f06257c17340e9b79237f3cb",
  "expected_sha256": "f59bd03f03c126db1820766be831e02da4e64767a15aedcfa0c8b2beedd456f8",
  "physical_admission": false,
  "seconds": 600,
  "max_bytes": 33554432,
  "clock_tolerance_s": 5,
  "source_bindings": {
    "/private/tmp/fusion-issue10-code-checks-v2-20261007/scripts/qualify_dense_interior.py": "65d5dbf732bc2d02854a52ba5992b930cdcab7fe710d74dd64ff40e74beb47c0",
    "/private/tmp/fusion-issue10-interior-20261007/artifacts/issue10-export-controls-v2/reference401-native.json": "f59bd03f03c126db1820766be831e02da4e64767a15aedcfa0c8b2beedd456f8",
    "/private/tmp/fusion-issue10-code-checks-v2-20261007/src/fusion_public/field.py": "2f7623d92bf33fffa3c79e53118928a67cde60c67a37de54da90dd06279ba690",
    "/private/tmp/fusion-issue10-code-checks-v2-20261007/src/fusion_public/dense_interior.py": "cfef246527a61ffc435d3a182ab657b436383c6c7699e150604dd9d7e085db5d",
    "/private/tmp/fusion-issue10-code-checks-v2-20261007/src/fusion_public/dense.py": "a1572793d8cf67896983e6f7a69d2e37c9ba7a971045ad7131cd5d1c4e6c6080",
    "/private/tmp/fusion-issue10-code-checks-v2-20261007/src/fusion_public/submission.py": "9f878d2f08a44b9a1e2b4f195cb39b2dc74a8cb59b5f3eca0ec38a086a1ef8a5",
    "/private/tmp/fusion-issue10-code-checks-v2-20261007/src/fusion_public/interior.py": "a6875fdd99bbf3970a07332319fa06f926160496cb25b8ec2109b735372c781b",
    "/private/tmp/fusion-issue10-code-checks-v2-20261007/src/fusion_public/__init__.py": "1696997fcc914653281c0a32b437d4ae499e5bc19cf5d5f27f0e3f75de10bbf8",
    "/private/tmp/fusion-issue10-code-checks-v2-20261007/src/fusion_public/cli.py": "1e63c4aab436d58add60c8e22e12b677fec6bdad2fd4064dbff758b7f60839d4",
    "/private/tmp/fusion-issue10-code-checks-v2-20261007/src/fusion_public/usability.py": "79fb3e29d5800f74b2e2a559ef27b55af4332a390238e75a18424f86d827210d",
    "/private/tmp/fusion-issue10-code-checks-v2-20261007/src/fusion_public/report.py": "b27b310c5bebb6dd3ded09b3dc0dc7c5d95cc56146376b0b121ea6deb07b0b00",
    "/private/tmp/fusion-issue10-code-checks-v2-20261007/src/fusion_public/data.py": "c9491881b0e0ebe9a2676b100542233da2261a8440b5781feb367f936e981e93",
    "/private/tmp/fusion-issue10-code-checks-v2-20261007/examples/clear-coil-samples-v1/manifest.json": "9e949f1247574e3f33e8a45d7a6c639fbb67018560ab3fcc58cf2f2dd2fba23c",
    "/private/tmp/fusion-issue10-code-checks-v2-20261007/examples/clear-coil-samples-v1/case.json": "6e5c51e54444f620450ab3df9e5d3969afbafd1e259d7b65c5fc9b49d1c0fadd",
    "/private/tmp/fusion-issue10-code-checks-v2-20261007/examples/clear-coil-samples-v1/candidate.json": "a4d242dd0eab58226d3f435becb819e1cf0fb6b457bb942e293e70c7592c2a1e",
    "/private/tmp/fusion-issue10-code-checks-v2-20261007/examples/clear-coil-interior-v1/manifest.json": "9f9b32ffb6176b22e149069896500da0ac1aa0c371b5f17be7fa7603ebfb2ccb",
    "/private/tmp/fusion-issue10-code-checks-v2-20261007/examples/clear-coil-interior-v1/reference401.json": "4c0b688b8e85df8c9cfb803357e1e46d0b93c6d73555f9776ef1e11d8beccff8",
    "/private/tmp/fusion-issue10-code-checks-v2-20261007/examples/clear-coil-interior-v1/selected401.json": "4b4aad01e3333849526ddd08d3be85c7524da46de6a72498f1050d5b1b993049",
    "/private/tmp/fusion-issue10-code-checks-v2-20261007/examples/clear-coil-interior-v1/reference401-candidate.json": "2046cb9f0a7bdd4d0b1aabe9779ab954dfd8d6c8ffae8e62d03c5bca64e81d48"
  },
  "current_relative_error": 3.3306690738754696e-16,
  "full_field_relative_error": 9.679002614738272e-16,
  "rms_absolute_error": 2.411265631607762e-16,
  "surface_rms_absolute_error": 2.445960101127298e-16,
  "fields_sha256": "5a808a69c518d9dc44edcb62d0363ca2735b06e33ea27b5e19bc6db6a54d2a12",
  "report_sha256": "5b6c00a0ceed289ac0a6840216819ae70b2dcd2cda640d6d468ed237d545025b",
  "elapsed_s": 45.68122116685845
}
