{
  "completed": true,
  "target_id": "selected401",
  "producer_evaluator": "f40c53851e99f175f06257c17340e9b79237f3cb",
  "expected_sha256": "caa78f10048a4c5c920116dbd1c42d34a8ae267084ebdad5cb72844a6018b1f8",
  "physical_admission": false,
  "seconds": 600,
  "max_bytes": 33554432,
  "clock_tolerance_s": 5,
  "source_bindings": {
    "/private/tmp/fusion-issue10-code-checks-v2-20261007/scripts/qualify_dense_interior.py": "65d5dbf732bc2d02854a52ba5992b930cdcab7fe710d74dd64ff40e74beb47c0",
    "/private/tmp/fusion-issue10-interior-20261007/artifacts/issue10-export-controls-v2/selected401-native.json": "caa78f10048a4c5c920116dbd1c42d34a8ae267084ebdad5cb72844a6018b1f8",
    "/private/tmp/fusion-issue10-code-checks-v2-20261007/src/fusion_public/field.py": "2f7623d92bf33fffa3c79e53118928a67cde60c67a37de54da90dd06279ba690",
    "/private/tmp/fusion-issue10-code-checks-v2-20261007/src/fusion_public/dense_interior.py": "cfef246527a61ffc435d3a182ab657b436383c6c7699e150604dd9d7e085db5d",
    "/private/tmp/fusion-issue10-code-checks-v2-20261007/src/fusion_public/dense.py": "a1572793d8cf67896983e6f7a69d2e37c9ba7a971045ad7131cd5d1c4e6c6080",
    "/private/tmp/fusion-issue10-code-checks-v2-20261007/src/fusion_public/submission.py": "9f878d2f08a44b9a1e2b4f195cb39b2dc74a8cb59b5f3eca0ec38a086a1ef8a5",
    "/private/tmp/fusion-issue10-code-checks-v2-20261007/src/fusion_public/interior.py": "a6875fdd99bbf3970a07332319fa06f926160496cb25b8ec2109b735372c781b",
    "/private/tmp/fusion-issue10-code-checks-v2-20261007/src/fusion_public/__init__.py": "1696997fcc914653281c0a32b437d4ae499e5bc19cf5d5f27f0e3f75de10bbf8",
    "/private/tmp/fusion-issue10-code-checks-v2-20261007/src/fusion_public/cli.py": "1e63c4aab436d58add60c8e22e12b677fec6bdad2fd4064dbff758b7f60839d4",
    "/private/tmp/fusion-issue10-code-checks-v2-20261007/src/fusion_public/usability.py": "79fb3e29d5800f74b2e2a559ef27b55af4332a390238e75a18424f86d827210d",
    "/private/tmp/fusion-issue10-code-checks-v2-20261007/src/fusion_public/report.py": "b27b310c5bebb6dd3ded09b3dc0dc7c5d95cc56146376b0b121ea6deb07b0b00",
    "/private/tmp/fusion-issue10-code-checks-v2-20261007/src/fusion_public/data.py": "c9491881b0e0ebe9a2676b100542233da2261a8440b5781feb367f936e981e93",
    "/private/tmp/fusion-issue10-code-checks-v2-20261007/examples/clear-coil-samples-v1/manifest.json": "9e949f1247574e3f33e8a45d7a6c639fbb67018560ab3fcc58cf2f2dd2fba23c",
    "/private/tmp/fusion-issue10-code-checks-v2-20261007/examples/clear-coil-samples-v1/case.json": "6e5c51e54444f620450ab3df9e5d3969afbafd1e259d7b65c5fc9b49d1c0fadd",
    "/private/tmp/fusion-issue10-code-checks-v2-20261007/examples/clear-coil-samples-v1/candidate.json": "a4d242dd0eab58226d3f435becb819e1cf0fb6b457bb942e293e70c7592c2a1e",
    "/private/tmp/fusion-issue10-code-checks-v2-20261007/examples/clear-coil-interior-v1/manifest.json": "9f9b32ffb6176b22e149069896500da0ac1aa0c371b5f17be7fa7603ebfb2ccb",
    "/private/tmp/fusion-issue10-code-checks-v2-20261007/examples/clear-coil-interior-v1/reference401.json": "4c0b688b8e85df8c9cfb803357e1e46d0b93c6d73555f9776ef1e11d8beccff8",
    "/private/tmp/fusion-issue10-code-checks-v2-20261007/examples/clear-coil-interior-v1/selected401.json": "4b4aad01e3333849526ddd08d3be85c7524da46de6a72498f1050d5b1b993049",
    "/private/tmp/fusion-issue10-code-checks-v2-20261007/examples/clear-coil-interior-v1/selected401-candidate.json": "3320e32fa3f519194690f8462c47bebe3a7cdd2cdce2705d3bb6ba092c44c48b"
  },
  "current_relative_error": 5.551115123125783e-16,
  "full_field_relative_error": 1.2897753675211952e-15,
  "rms_absolute_error": 4.0419056990259605e-16,
  "surface_rms_absolute_error": 4.0419056990259605e-16,
  "fields_sha256": "22e822357362a3209d7c4f997c046db0c4949d9378078ad8adef16b539a56770",
  "report_sha256": "f1b16248cdfe0ab7f4f9a1a00de3780396069ddc9be9dee169d031e3a44a9372",
  "elapsed_s": 45.66848983312957
}
