Using CPython 3.12.13
Creating virtual environment at: .venv
Resolved 65 packages in 9ms
   Building fusion-baselines @ file:///private/tmp/fusion-native-clean-62xzhkrp/repo
      Built fusion-baselines @ file:///private/tmp/fusion-native-clean-62xzhkrp/repo
Prepared 1 package in 377ms
Installed 60 packages in 238ms
 + annotated-doc==0.0.5
 + arxiv==4.0.1
 + black==26.5.1
 + certifi==2026.7.22
 + cftime==1.6.5
 + charset-normalizer==3.5.1
 + click==8.5.0
 + contourpy==1.3.3
 + coverage==7.16.0
 + cycler==0.12.1
 + deprecated==1.3.1
 + f90nml==1.5
 + fonttools==4.63.0
 + fusion-baselines==0.1.0 (from file:///private/tmp/fusion-native-clean-62xzhkrp/repo)
 + idna==3.19
 + iniconfig==2.3.0
 + jax==0.11.1
 + jaxlib==0.11.1
 + kiwisolver==1.5.1
 + lxml==6.1.2
 + markdown-it-py==4.2.0
 + matplotlib==3.11.1
 + mdurl==0.1.2
 + ml-dtypes==0.6.0
 + monty==2026.7.16
 + mpi4py==4.1.2
 + mpmath==1.3.0
 + mypy-extensions==1.1.0
 + netcdf4==1.7.4
 + numpy==2.5.2
 + opt-einsum==3.4.0
 + packaging==26.3
 + pandas==3.0.5
 + pathspec==1.1.1
 + pillow==12.3.0
 + platformdirs==4.11.5
 + pluggy==1.6.0
 + psutil==7.2.2
 + pyevtk==1.7.0
 + pygments==2.21.0
 + pyparsing==3.3.2
 + pytest==9.1.1
 + pytest-cov==7.1.0
 + python-dateutil==2.9.0.post0
 + pytokens==0.4.1
 + pyyaml==6.0.3
 + requests==2.34.2
 + rich==15.0.0
 + ruamel-yaml==0.19.1
 + ruff==0.16.5
 + scipy==1.18.1
 + shellingham==1.5.4
 + simsopt==0.1.dev5668+ga79006b0b (from git+https://github.com/PedroFranciscoGil/simsopt.git@a79006b0bc1e6df8ab48de284e3457d39a49b995)
 + six==1.17.0
 + stellcoilbench==0.1.0 (from git+https://github.com/akaptano/stellcoilbench.git@c7949edc4ea6378fc3be633304c69c288c3b79b5)
 + sympy==1.14.0
 + threadpoolctl==3.6.0
 + typer==0.27.2
 + urllib3==2.7.0
 + wrapt==2.4.0
verified: references/stellcoilbench_baseline.json
........................................................................ [ 20%]
........................................................................ [ 41%]
......................................................................ss [ 62%]
s.........................................sss........................... [ 82%]
............................................................             [100%]
=============================== warnings summary ===============================
tests/test_contour_topology.py::test_surface_fourier_radial_interpolation_and_nfp
  /private/tmp/fusion-native-clean-62xzhkrp/repo/tests/test_contour_topology.py:66: DeprecationWarning: Setting the shape on a NumPy array has been deprecated in NumPy 2.5.
  As an alternative, you can create a new view using np.reshape (with copy=False if needed).
    d.createVariable("bmnc", "f8", ("radial", "mode"))[:] = coeff

tests/test_vmec_trace.py: 16 warnings
  /private/tmp/fusion-native-clean-62xzhkrp/repo/tests/test_vmec_trace.py:27: DeprecationWarning: Setting the shape on a NumPy array has been deprecated in NumPy 2.5.
  As an alternative, you can create a new view using np.reshape (with copy=False if needed).
    d.createVariable(name, "f8", ("radial", "mode"))[:] = np.tile(values, (5, 1))

tests/test_vmec_trace.py::test_lambda_inversion_and_invalid_data
  /private/tmp/fusion-native-clean-62xzhkrp/repo/tests/test_vmec_trace.py:48: DeprecationWarning: Setting the shape on a NumPy array has been deprecated in NumPy 2.5.
  As an alternative, you can create a new view using np.reshape (with copy=False if needed).
    d["lmns"][:, 1] = 0.1

tests/test_vmec_trace.py::test_lambda_inversion_and_invalid_data
  /private/tmp/fusion-native-clean-62xzhkrp/repo/tests/test_vmec_trace.py:55: DeprecationWarning: Setting the shape on a NumPy array has been deprecated in NumPy 2.5.
  As an alternative, you can create a new view using np.reshape (with copy=False if needed).
    d["bmnc"][:, 0] = np.nan

tests/test_vmec_trace.py::test_alpha_full_turn_periodicity_with_lambda
  /private/tmp/fusion-native-clean-62xzhkrp/repo/tests/test_vmec_trace.py:77: DeprecationWarning: Setting the shape on a NumPy array has been deprecated in NumPy 2.5.
  As an alternative, you can create a new view using np.reshape (with copy=False if needed).
    d["lmns"][:, 1] = 0.1

-- Docs: https://docs.pytest.org/en/stable/how-to/capture-warnings.html
342 passed, 6 skipped, 20 warnings in 3.95s
