Using CPython 3.12.13
Creating virtual environment at: environments/vmecpp/.venv
Resolved 37 packages in 1ms
Installed 36 packages in 137ms
 + annotated-types==0.8.0
 + certifi==2026.7.22
 + cftime==1.6.5
 + contourpy==1.3.3
 + cycler==0.12.1
 + deprecated==1.3.1
 + f90nml==1.5
 + fonttools==4.63.0
 + jax==0.11.1
 + jaxlib==0.11.1
 + jaxtyping==0.3.11
 + kiwisolver==1.5.1
 + matplotlib==3.11.1
 + ml-dtypes==0.6.0
 + monty==2026.7.16
 + mpmath==1.3.0
 + netcdf4==1.7.4
 + numpy==2.5.2
 + opt-einsum==3.4.0
 + packaging==26.3
 + pillow==12.3.0
 + pydantic==2.13.5
 + pydantic-core==2.46.5
 + pyevtk==1.7.0
 + pyparsing==3.3.2
 + python-dateutil==2.9.0.post0
 + ruamel-yaml==0.19.1
 + scipy==1.18.1
 + simsopt==1.11.1
 + six==1.17.0
 + sympy==1.14.0
 + typing-extensions==4.16.0
 + typing-inspection==0.4.4
 + vmecpp==0.7.3
 + wadler-lindig==0.1.7
 + wrapt==2.4.0
0.7.3
