Traceback (most recent call last):
  File "/tmp/fusion-serial-python.py", line 12, in <module>
    runpy.run_path(target, run_name='__main__')
  File "<frozen runpy>", line 287, in run_path
  File "<frozen runpy>", line 98, in _run_module_code
  File "<frozen runpy>", line 88, in _run_code
  File "scripts/trace_surfaces.py", line 139, in <module>
    main()
  File "scripts/trace_surfaces.py", line 134, in main
    report = run(args.candidate, args.wout, args.output, args.transits, args.direct)
             ^^^^^^^^^^^^^^^^^^^^^^^^^^^^^^^^^^^^^^^^^^^^^^^^^^^^^^^^^^^^^^^^^^^^^^^
  File "scripts/trace_surfaces.py", line 99, in run
    (output/"result.json").write_text(json.dumps(report, indent=1), encoding="utf-8")
                                      ^^^^^^^^^^^^^^^^^^^^^^^^^^^^
  File "/Users/sebastianwirkert/.local/share/uv/python/cpython-3.12.13-macos-aarch64-none/lib/python3.12/json/__init__.py", line 238, in dumps
    **kw).encode(obj)
          ^^^^^^^^^^^
  File "/Users/sebastianwirkert/.local/share/uv/python/cpython-3.12.13-macos-aarch64-none/lib/python3.12/json/encoder.py", line 202, in encode
    chunks = list(chunks)
             ^^^^^^^^^^^^
  File "/Users/sebastianwirkert/.local/share/uv/python/cpython-3.12.13-macos-aarch64-none/lib/python3.12/json/encoder.py", line 432, in _iterencode
    yield from _iterencode_dict(o, _current_indent_level)
  File "/Users/sebastianwirkert/.local/share/uv/python/cpython-3.12.13-macos-aarch64-none/lib/python3.12/json/encoder.py", line 406, in _iterencode_dict
    yield from chunks
  File "/Users/sebastianwirkert/.local/share/uv/python/cpython-3.12.13-macos-aarch64-none/lib/python3.12/json/encoder.py", line 406, in _iterencode_dict
    yield from chunks
  File "/Users/sebastianwirkert/.local/share/uv/python/cpython-3.12.13-macos-aarch64-none/lib/python3.12/json/encoder.py", line 439, in _iterencode
    o = _default(o)
        ^^^^^^^^^^^
  File "/Users/sebastianwirkert/.local/share/uv/python/cpython-3.12.13-macos-aarch64-none/lib/python3.12/json/encoder.py", line 180, in default
    raise TypeError(f'Object of type {o.__class__.__name__} '
TypeError: Object of type int64 is not JSON serializable
