nfp2-vacuum 0.25 16 True {'toroidal': 0.00011199716441185443, 'poloidal': 0.00047927652433488616, 'cartesian': 0.00010365263581941275, 'magnitude': 6.158919709183472e-05, 'wrong_sign': 2.000000181700044, 'missing_2pi': 5.283185125479543}
nfp2-vacuum 0.25 32 True {'toroidal': 0.00011966014714217796, 'poloidal': 0.000510738894296031, 'cartesian': 0.00010365263581941275, 'magnitude': 6.364493730180795e-05, 'wrong_sign': 2.000000181700044, 'missing_2pi': 5.283185125479543}
nfp2-vacuum 0.5 16 True {'toroidal': 0.00011711439474332238, 'poloidal': 0.0004601248805954882, 'cartesian': 0.00012635547741321937, 'magnitude': 9.144837971685618e-05, 'wrong_sign': 2.000000121144731, 'missing_2pi': 5.2831851860348555}
nfp2-vacuum 0.5 32 True {'toroidal': 0.0001274986339640941, 'poloidal': 0.0004850016650656853, 'cartesian': 0.00012635547741321937, 'magnitude': 9.144837971685618e-05, 'wrong_sign': 2.000000121144731, 'missing_2pi': 5.2831851860348555}
nfp2-vacuum 0.75 16 False {'toroidal': 0.00022708530490755057, 'poloidal': 0.0010242431852818413, 'cartesian': 0.00024698897045806467, 'magnitude': 0.00014995238800935906, 'wrong_sign': 2.000000099781928, 'missing_2pi': 5.283185207397659}
nfp2-vacuum 0.75 32 False {'toroidal': 0.00022695797494348035, 'poloidal': 0.0010242431852818413, 'cartesian': 0.0002469080811304715, 'magnitude': 0.0001499056213897935, 'wrong_sign': 1.9999463453577435, 'missing_2pi': 5.283238961821843}
nfp2-beta2 0.25 16 True {'toroidal': 0.00011452651332859409, 'poloidal': 0.0004419292143489382, 'cartesian': 0.00010702781107705059, 'magnitude': 5.503596301785631e-05, 'wrong_sign': 1.9999999565359587, 'missing_2pi': 5.2831853506436275}
nfp2-beta2 0.25 32 True {'toroidal': 0.0001198931604370695, 'poloidal': 0.0004723668607385479, 'cartesian': 0.00010702781107705059, 'magnitude': 5.606005699022248e-05, 'wrong_sign': 1.9999999565359587, 'missing_2pi': 5.2831853506436275}
nfp2-beta2 0.5 16 True {'toroidal': 0.00011971448989527159, 'poloidal': 0.00047837121670867044, 'cartesian': 0.00013003084376567053, 'magnitude': 8.236404260903749e-05, 'wrong_sign': 2.000115774577269, 'missing_2pi': 5.283069532602317}
nfp2-beta2 0.5 32 True {'toroidal': 0.00013112838091161025, 'poloidal': 0.0004938113746572, 'cartesian': 0.00013003084376567053, 'magnitude': 8.236404260903749e-05, 'wrong_sign': 1.9999009255192386, 'missing_2pi': 5.283284381660348}
nfp2-beta2 0.75 16 True {'toroidal': 0.00025040689556274544, 'poloidal': 0.0008350201245699636, 'cartesian': 0.00022336313707282252, 'magnitude': 0.00013939471700130245, 'wrong_sign': 2.000073619456269, 'missing_2pi': 5.283111687723316}
nfp2-beta2 0.75 32 True {'toroidal': 0.00024822491628927575, 'poloidal': 0.0008350201245699636, 'cartesian': 0.000223282152040841, 'magnitude': 0.00013934557446638294, 'wrong_sign': 1.9999176228245172, 'missing_2pi': 5.283267684355069}
nfp3-vacuum 0.25 16 True {'toroidal': 0.00024247818500927333, 'poloidal': 0.0006134918858047183, 'cartesian': 0.0002514766812737305, 'magnitude': 0.00019541098132709654, 'wrong_sign': 2.0000005424768994, 'missing_2pi': 5.283184764702687}
nfp3-vacuum 0.25 32 True {'toroidal': 0.00024210682697582147, 'poloidal': 0.0006134918858047183, 'cartesian': 0.0002514766812737305, 'magnitude': 0.00019541098132709654, 'wrong_sign': 2.0000007872263974, 'missing_2pi': 5.283184519953188}
nfp3-vacuum 0.5 16 True {'toroidal': 0.00026041827342192513, 'poloidal': 0.00043502104935803085, 'cartesian': 0.0002938775723173507, 'magnitude': 0.0003591503435088666, 'wrong_sign': 1.9999978617857888, 'missing_2pi': 5.283187445393798}
nfp3-vacuum 0.5 32 True {'toroidal': 0.00026585187621730867, 'poloidal': 0.00043502104935803085, 'cartesian': 0.0003072473634590979, 'magnitude': 0.0003591503435088666, 'wrong_sign': 1.999971138218246, 'missing_2pi': 5.283214168961341}
nfp3-vacuum 0.75 16 True {'toroidal': 0.00036965379640978687, 'poloidal': 0.00047187266808828025, 'cartesian': 0.0004320949912411843, 'magnitude': 0.0005199264556964287, 'wrong_sign': 1.999994749054821, 'missing_2pi': 5.283190558124765}
nfp3-vacuum 0.75 32 True {'toroidal': 0.0004290169612296929, 'poloidal': 0.0004932627045905106, 'cartesian': 0.0004320949912411843, 'magnitude': 0.0005199264556964287, 'wrong_sign': 1.999946182269864, 'missing_2pi': 5.283239124909723}
nfp3-beta2 0.25 16 True {'toroidal': 0.00023901721164973193, 'poloidal': 0.000634000576372866, 'cartesian': 0.00023203559832071706, 'magnitude': 0.00014941431733651568, 'wrong_sign': 2.000013431283403, 'missing_2pi': 5.2831718758961825}
nfp3-beta2 0.25 32 True {'toroidal': 0.00023637258418164137, 'poloidal': 0.000634000576372866, 'cartesian': 0.00023196463676799955, 'magnitude': 0.00014936719487471884, 'wrong_sign': 2.000034496743252, 'missing_2pi': 5.283150810436334}
nfp3-beta2 0.5 16 False {'toroidal': 0.0003188763914570708, 'poloidal': 0.0010569673660862317, 'cartesian': 0.0003730261614199551, 'magnitude': 0.0003196356553879729, 'wrong_sign': 1.9999999969034234, 'missing_2pi': 5.2831853102761634}
nfp3-beta2 0.5 32 False {'toroidal': 0.0003163635266381047, 'poloidal': 0.0012189904682633579, 'cartesian': 0.0003914198783946436, 'magnitude': 0.0003305958181852152, 'wrong_sign': 2.000015187856998, 'missing_2pi': 5.2831701193225875}
nfp3-beta2 0.75 16 True {'toroidal': 0.00044543232122001527, 'poloidal': 0.0009411172475766573, 'cartesian': 0.000715199026214589, 'magnitude': 0.0005134380971334001, 'wrong_sign': 2.000071586344439, 'missing_2pi': 5.283113720835146}
nfp3-beta2 0.75 32 False {'toroidal': 0.00044218075135718114, 'poloidal': 0.0016005472646979447, 'cartesian': 0.000714954453137856, 'magnitude': 0.0005132039900405414, 'wrong_sign': 1.9999445656869472, 'missing_2pi': 5.283240741492638}
