........................................................................ [ 10%]
........................................................................ [ 20%]
........................................................................ [ 30%]
........................................................................ [ 40%]
........................................................................ [ 50%]
........................................................................ [ 60%]
........................................................................ [ 70%]
........................................................................ [ 80%]
........................................................................ [ 90%]
......................................................................   [100%]
=============================== warnings summary ===============================
tests/test_contour_topology.py::test_surface_fourier_radial_interpolation_and_nfp
  /Users/sebastianwirkert/workspace/fusion/tests/test_contour_topology.py:66: DeprecationWarning: Setting the shape on a NumPy array has been deprecated in NumPy 2.5.
  As an alternative, you can create a new view using np.reshape (with copy=False if needed).
    d.createVariable("bmnc", "f8", ("radial", "mode"))[:] = coeff

tests/test_qi_field_grid.py: 24 warnings
tests/test_qi_pest_fields.py: 28 warnings
tests/test_qi_pest_study.py: 4 warnings
tests/test_vmec_trace.py: 16 warnings
  /Users/sebastianwirkert/workspace/fusion/tests/test_vmec_trace.py:27: DeprecationWarning: Setting the shape on a NumPy array has been deprecated in NumPy 2.5.
  As an alternative, you can create a new view using np.reshape (with copy=False if needed).
    d.createVariable(name, "f8", ("radial", "mode"))[:] = np.tile(values, (5, 1))

tests/test_qi_field_grid.py: 18 warnings
tests/test_qi_pest_fields.py: 21 warnings
tests/test_qi_pest_study.py: 3 warnings
  /Users/sebastianwirkert/workspace/fusion/tests/test_qi_field_grid.py:16: DeprecationWarning: Setting the shape on a NumPy array has been deprecated in NumPy 2.5.
  As an alternative, you can create a new view using np.reshape (with copy=False if needed).
    ds.createVariable(name, "f8", ("radial", "mode"))[:] = np.tile(values, (5, 1))

tests/test_qi_field_grid.py: 6 warnings
tests/test_qi_pest_fields.py: 7 warnings
tests/test_qi_pest_study.py: 1 warning
  /Users/sebastianwirkert/workspace/fusion/tests/test_qi_field_grid.py:17: DeprecationWarning: Setting the shape on a NumPy array has been deprecated in NumPy 2.5.
  As an alternative, you can create a new view using np.reshape (with copy=False if needed).
    ds["lmns"][:, 1] = 0.1 * np.arange(5)

tests/test_qi_field_grid.py::test_nonfinite_coefficients_rejected
  /Users/sebastianwirkert/workspace/fusion/tests/test_qi_field_grid.py:39: DeprecationWarning: Setting the shape on a NumPy array has been deprecated in NumPy 2.5.
  As an alternative, you can create a new view using np.reshape (with copy=False if needed).
    ds["gmnc"][2, 0] = np.nan

tests/test_qi_pest_fields.py::test_old_array_replay_and_independent_changed_coordinate_fields[0.25]
tests/test_qi_pest_fields.py::test_old_array_replay_and_independent_changed_coordinate_fields[0.5]
tests/test_qi_pest_fields.py::test_old_array_replay_and_independent_changed_coordinate_fields[0.75]
tests/test_qi_pest_fields.py::test_inversion_failure_does_not_create_qualified_fields
tests/test_qi_pest_fields.py::test_nonzero_toroidal_modes_and_half_grid_weighting
tests/test_qi_pest_fields.py::test_bad_wout_coefficients_and_symmetry_rejected
tests/test_qi_pest_fields.py::test_invalid_grid_and_surface_rejected
tests/test_qi_pest_study.py::test_complete_toy_matrix_and_independent_audit_then_mutation
  /Users/sebastianwirkert/workspace/fusion/tests/test_qi_pest_fields.py:15: DeprecationWarning: Setting the shape on a NumPy array has been deprecated in NumPy 2.5.
  As an alternative, you can create a new view using np.reshape (with copy=False if needed).
    ds["lmns"][:, 1] = .03 * np.arange(5)

tests/test_qi_pest_fields.py::test_nonzero_toroidal_modes_and_half_grid_weighting
  /Users/sebastianwirkert/workspace/fusion/tests/test_qi_pest_fields.py:56: DeprecationWarning: Setting the shape on a NumPy array has been deprecated in NumPy 2.5.
  As an alternative, you can create a new view using np.reshape (with copy=False if needed).
    ds["bmnc"][:, 1] = .2

tests/test_qi_pest_fields.py::test_bad_wout_coefficients_and_symmetry_rejected
  /Users/sebastianwirkert/workspace/fusion/tests/test_qi_pest_fields.py:72: DeprecationWarning: Setting the shape on a NumPy array has been deprecated in NumPy 2.5.
  As an alternative, you can create a new view using np.reshape (with copy=False if needed).
    ds["lmns"][2, 1] = np.nan

tests/test_qi_pest_fields.py::test_bad_wout_coefficients_and_symmetry_rejected
  /Users/sebastianwirkert/workspace/fusion/tests/test_qi_pest_fields.py:78: DeprecationWarning: Setting the shape on a NumPy array has been deprecated in NumPy 2.5.
  As an alternative, you can create a new view using np.reshape (with copy=False if needed).
    ds["lmns"][2, 1] = .1

tests/test_vmec_trace.py::test_lambda_inversion_and_invalid_data
  /Users/sebastianwirkert/workspace/fusion/tests/test_vmec_trace.py:48: DeprecationWarning: Setting the shape on a NumPy array has been deprecated in NumPy 2.5.
  As an alternative, you can create a new view using np.reshape (with copy=False if needed).
    d["lmns"][:, 1] = 0.1

tests/test_vmec_trace.py::test_lambda_inversion_and_invalid_data
  /Users/sebastianwirkert/workspace/fusion/tests/test_vmec_trace.py:55: DeprecationWarning: Setting the shape on a NumPy array has been deprecated in NumPy 2.5.
  As an alternative, you can create a new view using np.reshape (with copy=False if needed).
    d["bmnc"][:, 0] = np.nan

tests/test_vmec_trace.py::test_alpha_full_turn_periodicity_with_lambda
  /Users/sebastianwirkert/workspace/fusion/tests/test_vmec_trace.py:77: DeprecationWarning: Setting the shape on a NumPy array has been deprecated in NumPy 2.5.
  As an alternative, you can create a new view using np.reshape (with copy=False if needed).
    d["lmns"][:, 1] = 0.1

-- Docs: https://docs.pytest.org/en/stable/how-to/capture-warnings.html
718 passed, 144 warnings in 51.48s
