test_changed_reference_input_is_rejected (test_dense.DenseBoundaryTests.test_changed_reference_input_is_rejected) ... ok
test_flux_scale_is_inverse_to_uniform_current_scaling (test_dense.DenseBoundaryTests.test_flux_scale_is_inverse_to_uniform_current_scaling) ... ok
test_rebuilt_grid_reproduces_every_bundled_boundary_sample (test_dense.DenseBoundaryTests.test_rebuilt_grid_reproduces_every_bundled_boundary_sample) ... ok
test_seed_current_is_the_flux_normalized_current (test_dense.DenseBoundaryTests.test_seed_current_is_the_flux_normalized_current) ... ok
test_both_dense_targets_and_grid_conventions (test_dense_interior.DenseInteriorTests.test_both_dense_targets_and_grid_conventions) ... ok
test_explicit_target_and_budget (test_dense_interior.DenseInteriorTests.test_explicit_target_and_budget) ... ok
test_packet_and_manifest_tampering_rejected (test_dense_interior.DenseInteriorTests.test_packet_and_manifest_tampering_rejected) ... ok
test_signed_scale_preserves_orientation (test_dense_interior.DenseInteriorTests.test_signed_scale_preserves_orientation) ... ok
test_changed_reference_provenance_is_rejected (test_interior.InteriorDiagnosticTests.test_changed_reference_provenance_is_rejected) ... ok
test_seed_flux_already_matches_and_signed_ratios_are_preserved (test_interior.InteriorDiagnosticTests.test_seed_flux_already_matches_and_signed_ratios_are_preserved) ... ok
test_vector_score_uses_fixed_target_scale_and_all_components (test_interior.InteriorDiagnosticTests.test_vector_score_uses_fixed_target_scale_and_all_components) ... ok
test_circle_field_matches_analytic_axis (test_portable.AnalyticTests.test_circle_field_matches_analytic_axis) ... ok
test_circle_field_matches_analytic_off_axis (test_portable.AnalyticTests.test_circle_field_matches_analytic_off_axis) ... ok
test_current_linearity_and_sign (test_portable.AnalyticTests.test_current_linearity_and_sign) ... ok
test_curve_tangent_units_and_orientation (test_portable.AnalyticTests.test_curve_tangent_units_and_orientation) ... ok
test_physical_mapping_is_right_row_matrix (test_portable.AnalyticTests.test_physical_mapping_is_right_row_matrix) ... ok
test_singular_node_is_rejected (test_portable.AnalyticTests.test_singular_node_is_rejected) ... ok
test_stationary_curve_and_bad_node_counts_rejected (test_portable.AnalyticTests.test_stationary_curve_and_bad_node_counts_rejected) ... ok
test_translation_covariance (test_portable.AnalyticTests.test_translation_covariance) ... ok
test_contribution_cli_without_cost (test_portable.CliTests.test_contribution_cli_without_cost) ... ok
test_discovery_without_environment_or_repository_cwd (test_portable.CliTests.test_discovery_without_environment_or_repository_cwd) ... ok
test_help_without_dependencies (test_portable.CliTests.test_help_without_dependencies) ... ok
test_init_and_overwrite_protection (test_portable.CliTests.test_init_and_overwrite_protection) ... ok
test_invalid_input_rejected_without_numerical_work (test_portable.CliTests.test_invalid_input_rejected_without_numerical_work) ... ok
test_root_help_explains_public_and_research_routes (test_portable.CliTests.test_root_help_explains_public_and_research_routes) ... ok
test_candidate_errors_are_rejected (test_portable.ContractTests.test_candidate_errors_are_rejected) ... ok
test_comparator_accepts_declared_float_tolerance_not_string_coercion (test_portable.ContractTests.test_comparator_accepts_declared_float_tolerance_not_string_coercion) ... ok
test_dangling_symlink_not_followed (test_portable.ContractTests.test_dangling_symlink_not_followed) ... ok
test_data_mutation_cannot_keep_manifest_digest (test_portable.ContractTests.test_data_mutation_cannot_keep_manifest_digest) ... ok
test_existing_file_not_overwritten (test_portable.ContractTests.test_existing_file_not_overwritten) ... ok
test_export_has_no_private_machine_paths (test_portable.ContractTests.test_export_has_no_private_machine_paths) ... ok
test_huge_and_deep_json (test_portable.ContractTests.test_huge_and_deep_json) ... ok
test_invalid_coefficients_fail_closed (test_portable.ContractTests.test_invalid_coefficients_fail_closed) ... ok
test_manifest_paths_are_not_executed_or_followed (test_portable.ContractTests.test_manifest_paths_are_not_executed_or_followed) ... ok
test_new_candidate_is_permitted_without_preapproved_hint (test_portable.ContractTests.test_new_candidate_is_permitted_without_preapproved_hint) ... ok
test_nonfinite_and_duplicate_json (test_portable.ContractTests.test_nonfinite_and_duplicate_json) ... ok
test_reference_packet_has_all_named_dofs_and_physical_copies (test_portable.ContractTests.test_reference_packet_has_all_named_dofs_and_physical_copies) ... ok
test_reference_provenance_retains_negative_scope (test_portable.ContractTests.test_reference_provenance_retains_negative_scope) ... ok
test_scientific_report_comparator_rejects_changed_values_and_flags (test_portable.ContractTests.test_scientific_report_comparator_rejects_changed_values_and_flags) ... ok
test_unknown_fields_cannot_change_fixed_current_or_code (test_portable.ContractTests.test_unknown_fields_cannot_change_fixed_current_or_code) ... ok
test_wrong_candidate_digest_rejected_before_computation (test_portable.ContractTests.test_wrong_candidate_digest_rejected_before_computation) ... ok
test_wrong_evaluator_rejected_before_computation (test_portable.ContractTests.test_wrong_evaluator_rejected_before_computation) ... ok
test_wrong_report_source_rejected_before_computation (test_portable.ContractTests.test_wrong_report_source_rejected_before_computation) ... ok
test_invalid_required_metadata_is_rejected (test_portable.ContributionTests.test_invalid_required_metadata_is_rejected) ... ok
test_no_budget_or_hint_is_needed (test_portable.ContributionTests.test_no_budget_or_hint_is_needed) ... ok
test_prose_is_never_executed (test_portable.ContributionTests.test_prose_is_never_executed) ... ok
test_structure_pass_is_not_scientific_acceptance (test_portable.ContributionTests.test_structure_pass_is_not_scientific_acceptance) ... ok
test_unsolicited_and_high_cost_are_not_rejection_reasons (test_portable.ContributionTests.test_unsolicited_and_high_cost_are_not_rejection_reasons) ... ok
test_copy_retains_license_and_notices (test_release.ReleaseTests.test_copy_retains_license_and_notices) ... ok
test_nonzero_exit_retains_output_and_failed_operation (test_release.ReleaseTests.test_nonzero_exit_retains_output_and_failed_operation) ... ok
test_timeout_retains_partial_output_and_failed_operation (test_release.ReleaseTests.test_timeout_retains_partial_output_and_failed_operation) ... ok
test_all_198_named_positions_and_no_input_mutation (test_usability.UsabilityTests.test_all_198_named_positions_and_no_input_mutation) ... ok
test_cli_negative_scientific_values_preserve_validation (test_usability.UsabilityTests.test_cli_negative_scientific_values_preserve_validation) ... ok
test_cli_set_by_name_and_existing_output_protection (test_usability.UsabilityTests.test_cli_set_by_name_and_existing_output_protection) ... ok
test_cli_set_negative_scientific_coefficients (test_usability.UsabilityTests.test_cli_set_negative_scientific_coefficients) ... ok
test_coefficient_errors_name_exact_component (test_usability.UsabilityTests.test_coefficient_errors_name_exact_component) ... ok
test_discovery_and_root_help_have_readable_spacing (test_usability.UsabilityTests.test_discovery_and_root_help_have_readable_spacing) ... ok
test_help_explains_absolute_metres_and_quoted_name (test_usability.UsabilityTests.test_help_explains_absolute_metres_and_quoted_name) ... ok
test_other_schema_errors_still_reject (test_usability.UsabilityTests.test_other_schema_errors_still_reject) ... ok
test_reference_and_change_are_explained (test_usability.UsabilityTests.test_reference_and_change_are_explained) ... ok
test_retired_research_command_explains_freeze_without_native_imports (test_usability.UsabilityTests.test_retired_research_command_explains_freeze_without_native_imports) ... ok
test_shape_errors_name_coil_and_axis (test_usability.UsabilityTests.test_shape_errors_name_coil_and_axis) ... ok
test_unchanged_reference_has_exactly_zero_matched_resolution_change (test_usability.UsabilityTests.test_unchanged_reference_has_exactly_zero_matched_resolution_change) ... ok
test_unknown_name_and_bad_values (test_usability.UsabilityTests.test_unknown_name_and_bad_values) ... ok
test_unsupported_version_before_imports (test_usability.UsabilityTests.test_unsupported_version_before_imports) ... ok

----------------------------------------------------------------------
Ran 65 tests in 6.876s

OK
